Date/Time
Subforms
Other
GPS
Math
Field Rules
Lists
FF UNIQUE SCRIPTS
